127.0.1.5 / 
127.0.1.5 /css/screen.css 
127.0.1.5 /css/main.css 
127.0.1.5 /css/print.css 
127.0.1.5 /css/form.css 
127.0.1.5 /css/bg.gif 
127.0.1.5 /favicon.ico 
127.0.1.5 /favicon.ico 
127.0.1.5 /site/login 
127.0.1.5 /assets/f225cffe/jquery.js 
127.0.1.10 / 
127.0.1.10 /css/screen.css 
127.0.1.10 /css/main.css 
127.0.1.10 /css/print.css 
127.0.1.10 /css/form.css 
127.0.1.11 / 
127.0.1.11 /css/screen.css 
127.0.1.11 /css/main.css 
127.0.1.9 / 
127.0.1.9 / 
127.0.1.11 / 
127.0.1.7 / 
127.0.1.7 / 